Global RMG Settings:
   database.directory   = /home/boyuan-yu/anaconda3/envs/rmg_env/share/rmgdatabase (from /home/boyuan-yu/anaconda3/envs/rmg_env/lib/python3.7/site-packages/rmgpy/rmgrc)
   test_data.directory  = /home/boyuan-yu/anaconda3/envs/rmg_env/lib/python3.7/site-packages/rmgpy/test_data (Default, relative to RMG-Py source code)
RMG execution initiated at Mon May 12 11:12:09 2025

#########################################################
# RMG-Py - Reaction Mechanism Generator in Python       #
# Version: 3.1.0                                        #
# Authors: RMG Developers (rmg_dev@mit.edu)             #
# P.I.s:   William H. Green (whgreen@mit.edu)           #
#          Richard H. West (r.west@neu.edu)             #
# Website: http://reactionmechanismgenerator.github.io/ #
#########################################################

Reading input file "/home/boyuan-yu/Documents/USC/research/rmg/nDodecane/input.py"...
# Data sources
database(
    thermoLibraries = ['primaryThermoLibrary', 'FFCCM1(-)'],
    reactionLibraries = [],
    seedMechanisms = ['FFCCM1(-)'],
    # seedMechanisms = [],
    kineticsDepositories = ['training'],
    kineticsFamilies = 'default',
    kineticsEstimator = 'rate rules',
)

generatedSpeciesConstraints(
    allowed=['input species','seed mechanisms','reaction libraries'],
    # maximumCarbonAtoms=10,
    # maximumOxygenAtoms=2,
    # maximumNitrogenAtoms=2,
    # maximumSiliconAtoms=2,
    # maximumSulfurAtoms=2,
    # maximumHeavyAtoms=10,
    # maximumSurfaceSites=2,
    #         maximumSurfaceBondOrder=4,
    # maximumRadicalElectrons=2,
    # maximumSingletCarbenes=1,
    # maximumCarbeneRadicals=0,
    # maximumIsotopicAtoms=2,
    # allowSingletO2 = False,
    # speciesCuttingThreshold=20,
)


# List of species
species(
    label='C12H24',
    reactive=True,
    structure=adjacencyList(
        """
        1  C u0 p0 c0 {2,S} {7,S} {13,S} {14,S}
        2  C u0 p0 c0 {1,S} {3,S} {15,S} {16,S}
        3  C u0 p0 c0 {2,S} {4,S} {17,S} {18,S}
        4  C u0 p0 c0 {3,S} {5,S} {19,S} {20,S}
        5  C u0 p0 c0 {4,S} {6,S} {21,S} {22,S}
        6  C u0 p0 c0 {5,S} {9,S} {23,S} {24,S}
        7  C u0 p0 c0 {1,S} {8,S} {27,S} {28,S}
        8  C u0 p0 c0 {7,S} {10,S} {29,S} {30,S}
        9  C u0 p0 c0 {6,S} {11,S} {25,S} {26,S}
        10 C u0 p0 c0 {8,S} {12,S} {31,S} {32,S}
        11 C u0 p0 c0 {9,S} {33,S} {34,S} {35,S}
        12 C u0 p0 c0 {10,S} {36,S} {37,S} {38,S}
        13 H u0 p0 c0 {1,S}
        14 H u0 p0 c0 {1,S}
        15 H u0 p0 c0 {2,S}
        16 H u0 p0 c0 {2,S}
        17 H u0 p0 c0 {3,S}
        18 H u0 p0 c0 {3,S}
        19 H u0 p0 c0 {4,S}
        20 H u0 p0 c0 {4,S}
        21 H u0 p0 c0 {5,S}
        22 H u0 p0 c0 {5,S}
        23 H u0 p0 c0 {6,S}
        24 H u0 p0 c0 {6,S}
        25 H u0 p0 c0 {9,S}
        26 H u0 p0 c0 {9,S}
        27 H u0 p0 c0 {7,S}
        28 H u0 p0 c0 {7,S}
        29 H u0 p0 c0 {8,S}
        30 H u0 p0 c0 {8,S}
        31 H u0 p0 c0 {10,S}
        32 H u0 p0 c0 {10,S}
        33 H u0 p0 c0 {11,S}
        34 H u0 p0 c0 {11,S}
        35 H u0 p0 c0 {11,S}
        36 H u0 p0 c0 {12,S}
        37 H u0 p0 c0 {12,S}
        38 H u0 p0 c0 {12,S}

        """),
)

species(
    label='O2',
    reactive=True,
    structure=adjacencyList(
        """
        multiplicity 3
        1 O u1 p2 c0 {2,S}
        2 O u1 p2 c0 {1,S}

        """),
)


# Reaction systems
simpleReactor(
    temperature=(1350,'K'),
    pressure=(1.0,'bar'),
    initialMoleFractions={
        "C12H24": 0.05263,
        "O2": 0.94737,
    },
    terminationConversion={
        'C12H24': 0.9,
    },
    terminationTime=(1e6,'s'),
)

simulator(  # tune parameters
    atol=1e-16,
    rtol=1e-8,
)

model(  # tune parameters
    toleranceKeepInEdge=0.0,
    toleranceMoveToCore=0.1,
    toleranceInterruptSimulation=0.1,
    maximumEdgeSpecies=100000,
    filterReactions=True,
)

options(
    units='si',
    generateOutputHTML=True,
    generatePlots=False,
    saveEdgeSpecies=True,
    saveSimulationProfiles=True,
)

Warning: Generate Output HTML option was turned on. Note that this will slow down model generation.
Warning: Edge species saving was turned on. This will slow down model generation for large simulations.

Loading transport library from OneDMinN2.py in /home/boyuan-yu/anaconda3/envs/rmg_env/share/rmgdatabase/transport/libraries...
Loading transport library from GRI-Mech.py in /home/boyuan-yu/anaconda3/envs/rmg_env/share/rmgdatabase/transport/libraries...
Loading transport library from NOx2018.py in /home/boyuan-yu/anaconda3/envs/rmg_env/share/rmgdatabase/transport/libraries...
Loading transport library from PrimaryTransportLibrary.py in /home/boyuan-yu/anaconda3/envs/rmg_env/share/rmgdatabase/transport/libraries...
Loading transport group database from /home/boyuan-yu/anaconda3/envs/rmg_env/share/rmgdatabase/transport/groups...
